Spot: VH01171:37:AAF2527M5:1:1101:22624:2893
reads 2:
num:1(B)
CCTACGGGAGGCAGCAGTGGGGAATATTGCACAATGGGCGCAAGCCTGATGCAGCCATGCCGCGTGTATGAAGAAGGCCTTCGGGTTGTAAAGTACTTTCAGCGGGGAGGAAGGCGATAAGGTTAATAACCTTGTCGATTGACGTTACCCGCAGAAGAAGCACCGGCTAACTCCGTGCCAGCAGCCGCGGTAATACGGAGGGTGCAAGCGTTAATCGGAATTACTGGGCGTAAAGCGCACACAGGCGGTCTGTCAAGTCGGATGTGAAATCCCCGGGCTCAACCTGGGAACTG
+
CCCCCCCCCCCCCCCCCCCCCCCCCCCCCCCCCCCCCCCCCCCCCCCCCCCCCCCCCCCCCCCCCCCCCCCCCCCCCCCCCCCCCCC5CCCCCCCCCCCCCCCCCCCCCCCCCCCCCCCCCCCCCCC5CCCCCCCCCCCCCCCCCCCCCCCCCCCCCCCCCCCCCCCCCCCCCCCCCCCCCCCCCCCCCCCCCCCCCCCCCCCCCCCCCCCCCCCCCCCCCCCCCCCCCCCCCCCCCCCCCCCCCCCCCCCCCCCCCCCCCCCCCCCCCCCCCCCCCCCCCCCCCCCCCCCCC
num:2(B)
GGACTACCTGGGTATCTAATCCTGTTTGCTCCCCACGCTTTCGCACCTGAGCGTCAGTCTTTGTCCAGGGGGCCGCCTTCGCCACCGGTATTCCTCCAGATCTCTACGCATTTCACCGCTACACCTGGAATTCTACCCCCCTCTACAAGACTCTAGCCTGCCAGTTTCGAATGCAGTTCCCAGGTTGAGCCCGGGGATTTCACATCCGACTTGACAGACCGCCTGTGTGCGCTTTACGCCCAGTAATTCCGATTAACGCTTGCACCCTCCGTATTACCGCGGCTGCTGGCACGGAGTTAG
+
CCCCCCCCCCCCCCCCCCCCCCCCCCCCCCCCCCCCCCCCCCCCCCCCCCCCCCCCCCCCCCCCC5CCCCCCCCCCCCCCCC*CCCCCCCCCCCC*CCCCCCCCCCCCCCCCCCCCCCCCCCCCCCCCCCCCCCCCCCCCCCCCCCCCCCCCCCCCCCCCCCCCCCCCC5CCCCCCCCCCCCCCCCCCCCCCCCCCCCCCCCCCCCCCCCCCCCCCCCCCCC5CCCC*CCCCCC5CCCCCCCC5CCC5CCCCCCC*CCCCC5CCCCCCCCCCCCCCCCCCCCCCCCCCCCCCCCC5CCCC
Spot: VH01171:37:AAF2527M5:1:1101:34819:2931
reads 2:
num:1(B)
CCTACGGGATGCAGCAGTGGGGAATATTGCACAATGGGCGCAAGCCTGATGCAGCCATGCCGCGTGTATGAAGAAGGCCTTCGGGTTGTAAGGTACTTTCAGCGGGGAGGAAGGCGATAAGGTTAATAACCTTGTCGATTGACGTTACCCGCAGAAGAAGCACCGGCTAACTCCGTGCCAGCAGCCGCGGTAATACGGAGGGTGCAAGCGTTAATCGGAATTACTGGGCGTAAAGCGCACGCAGGCGGTCTGTCAAGTCGGATGTGAAATCCCCGGGCTCAACCTGGGAACTG
+
CCCCCCCCCCCCCCCCCCCCCCCCCCCCCCCCCCCCCCCCCCCCCCCCCCCCCCCCCCCCCCCCCCCCCCCCCCCCCCCCCCCCCCCCCCCCCCCCCCCCCCCCCCCCCCCCCCCCCCCCCCCCCCCCCCCCCCCCCCCCCCCCCCCCCCCCCCCCCCCCCCCCCCCCCCCCCCCCCCCCCCCCCCCCCCCCCCCCCCCCCCCCCCCCCCCCCCCCCCCCCCCCCCCCCCCCCCCCCCCCCCCCCCCCCCC5CCCCCCCCCCCCCCCCCCCCCCCCCCCCCCCCCCCCCCCCC
num:2(B)
GGACTACTGGGGTATCTAATCCTGTTTGCTCCCCACGCTTTCGCACCTGAGCGTCAGTCTTTGTCCAGGGGGCCGCCTTCGCCACCGGTATTCCTCCAGATCTCTACGCATTTCACCGCTACACCTGGAATTCTACCCCCCTCTACAAGACTCTAGCCTGCCAGTTTCGAATGCAGTTCCCAGGTTGAGCCCGGGGATTTCACATCCGACTTGACAGACCGCCTGCGTGCGCTTTACGCCCAGTAATTCCGATTAACGCTTGCACCCTCCGTATTACCGCGGCTGCTGGCACGGAGTTAG
+
CCCCC*CCCCCCCCCCCCCCCCCCCCCCCCCCCCCCCCCCCCCCCCCCCCCCCCCCCCCCCCCCCCCCCCCCCCCCCCCCCCCCCCCCCCCCC5CCCCCCCCCCCCCCCCCCCCCCCCCCCCCCCCCCCCCCCCCCCCCCCCCCCCCCCCCCCCCCCCC5CCCCCCCCCCCCCCC*CCCCCCCCCCCCCCCCCC5CCCCCCCCCCCCCCCCCCCCCCCCCCCCCCCCCCCCCCCCCCCCCCCCCCCC*CCCC5CCCCCCCC5CCC5C5CCCCCCCCCC5CCCCCCCCCCCCCC*CCCCCC
Spot: VH01171:37:AAF2527M5:1:1101:62540:3196
reads 2:
num:1(B)
CCTATGGGAGGCAGCAGTGGGGAATATTGCACAATGGGCGCAAGCCTGATGCAGCCATGCCGCGTGTATGAAGAAGGCCTTCGGGTTGTAAAGTACTTTCAGCGGGGAGGAAGGCGATAAGGTTAATAACCTTGTCGATTGACGTTACCCGCAGAAGAAGCACCGGCTAACTCCGTGCCAGCAGCCGCGGTAATACGGAGGGTGCAAGCGTTAATCGGAATTACTGGGCGTAAAGCGCACGCAGGCGGTCTGTCAAGTCGGATGTGAAATCCCCGGGCTCAACCTGGGAACTG
+
CCCCCCCCCCCCCCCCCCCCCCCCCCCCCCCCCCCCCCCCCCCCCCCCCCCCCCCCCCCCCCCCCCCCCCCCCCCCCCCCCCCCCCCCCCCCCCCCCCCCCCCCCCCCCCCCCCCCCCCCCCCCCCCCCCCCCCCCCCCCCCCCCCCCCCCCCCCCCCCCCCCCCCCCCCCCCCCCCCCCCCCCCCCCCCCCCCCCCCCCCCCCCCCCCCCCC*CCCCCCCCCCCCCCCCCCCCCCCCCCCCCCCCCCCCCCCCCCCCCCCCCCCCCCCCCCCCCCCCCCCCC5CCCCCCCCC
num:2(B)
GGACTACGTGGGTATCTAATCCTGTTTGCTCCCCACGCTTTCGCACCTGAGCGTCAGTCTTTGTCCAGGGGGCCGCCTTCGCCACCGGTATTCCTCCAGATCTCTACGCATTTCACCGCTACACCTGGAATTCTACCCCCCTCTACAAGACTCTAGCCTGCCAGTTTCGAATGCAGTTCCCAGGTTGAGCCCGGGGATTTCACATCCGACTTGACAGACCGCCTGCGTGCGCTTTACGCCCAGTAATTCCGATTAACGCTTGCACCCTCCGTATTACCGCGGCTGCTGGCACGGAGTTAG
+
CCCCCCCCCCCCCCCCCCCCCCCCCCCCCCCCCCCCCCCCCCCCCCCCCCCCCCCCCCCCCCCCCCCCCCCCCCCCCCCCCCCCCCCCCCCCCCCCCCCCCCCCCCCCCCCCCCCCCCCCCCCCCCCCCCCCCCCCCCCCCCCCCCC5CCCCCCCCCCCCCCCCCCCCCC*CCCCCCCCCCCCCCCCCCCCCCCCCCCCCCCCCCCCCC5CCCCCCCCC5CCCCCCCCCCCCCCCCCCCCCCCCCCCCCCCCC*CCCCCCCCCCCCCCCCCCCCCCCCCC5CCCCCCC*CCCCCCCCCCC
Spot: VH01171:37:AAF2527M5:1:1101:50876:2893
reads 2:
num:1(B)
GGACTACGTGGGTATCTAATCCTGTTTGCTCCCCACGCTTTCGCACCTGAGCGTCAGTCTTTGTCCAGGGGGCCGCCTTCGCCACCGGTATTCCTCCAGATCTCTACGCATTTCACCGCTACACCTGGAATTCTACCCCCCTCTACAAGACTCTAGCCTGCCAGTTTCGAATGCAGTTCCCAGGTTGAGCCCGGGGATTTCACATCCGACTTGACAGACCGCCTGCGTGCGCTTTACGCCCAGTAATTCCGATTAACGCTTGCACCCTCCGTATTACCGCGGCTGCTGGCACGGAGTTAG
+
CCCCCCCCCCCCCCCCCCCCCCCCCCCCCCCCCCCCCCCCCCCCCCCCCCCCCCCCCCCCCCCCCCCCCCCCCCCCCCCCCCCCCCCCCCCCCCCCCCCCCCCCCCCCCCCCCCCCCCCCCCCCCCCCCCCCCCCCCCCCCCCCCCCCCCCCCCCCCCCCCCCCCCCCCCCCCCCCCCCCCCCCCCCCCCCCCCCCCCCCCCCCCCCCCCCCCCCCCC5CCCCCCCCCCCCCCCCCCCCCCC5CCCCCCCCCCCCCCCCCCCCCCCCCCCCCCCCCCCCCCCCCCCCCCCCCCCCCCCCC
num:2(B)
CCTATGGGAGGCAGCAGTGGGGAATATTGCACAATGGGCGCAAGCCTGATGCAGCCATGCCGCGTGTATGAAGAAGGCCTTCGGGTTGTAAAGTACTTTCAGCGGGGAGGAAGGCGATAAGGTTAATAACCTTGTCGATTGACGTTACCCGCAGAAGAAGCACCGGCTAACTCCGTGCCAGCAGCCGCGGTAATACGGAGGGTGCAAGCGTTAATCGGAATTACTGGGCGTAAAGCGCACGCAGGCGGTCTGTCAAGTCGGATGTGAAATCCCCGGGCTCAACCTGGGAACTG
+
CCCCCCCCCCCCCCCCCCCCCCCCCCCCCCCCCCCCCCCCCCCCCCCCCCCCCCCCCCCCCCCCCCCCCCCCCCCCCCCCCCCCCCCCCCCCCCCCCCCCCCCCCCCCCCCCCCCCCC*CCCCCCCCCCCCCCCCCCCCCCCCCCCCCCCCC5CCCCCCCCCCCCCCCCCCCCCCCCCCCCCCCCCCCCCCCCC5CCCCCCCCCCCCCCCCCCCCCC5CCCCCCCCCCCCCCCCCCCC5CCCCCCCCCCCCCCC5CCCCCCCCCCCCCCCCCCCCCCCCCCCCCCCCC5CC*C
Spot: VH01171:37:AAF2527M5:1:1101:62711:2912
reads 2:
num:1(B)
GGACTACTGGGGTATCTAATCCTGTTTGCTCCCCACGCTTTCGCACCTGAGCGTCAGTCTTTGTCCAGGGGGCCGCCTTCGCCACCGGTATTCCTCCAGATCTCTACGCATTTCACCGCTACACCTGGAATTCTACCCCCCTCTACAAGACTCTAGCCTGCCAGTTTCGAATGCAGTTCCCAGGTTGAGCCCGGGGATTTCACATCCGACTTGACAGACCGCCTGCGTGCGCTTTACGCCCAGTAATTCCGATTAACGCTTGCACCATCCGTATTACCGCGGCTGCTGGCACGGAGTTAG
+
CCCCCCCCCCCCCCCCCCCCCCCCCCCCCCCCCCCCCCCCCCCCCCCCCCCCCCCCCCCCCCCCCCCCCCCCCCCCCCCCCCCCCCCCCCCCCCCCCCCCCCCCCCCCCCCCCCCCCCCCCCCCCCCCCCCCCCCCCCCC5*5CC5CCCCCCCC*CCCC5CCCCCC*C5CCCCC*5CCCC5*CCC5*C5CCCCCCCCCC**5C5C55CCCC5*C5*5CC5*C5C555C5**5555555CCC5*CCCC5CC*CC555555C55C5C5*C55555C55C5C5CC*5555C5CCCCCC55*CC
num:2(B)
CCTACGGGGGGCACCAGTGGGGAATATTGCACAATGGGCGCAAGCCTGATGCAGCCATGCCGCGTGTATGAAGAAGGCCTTCGGGTTGTAAAGTACCTTCAGCGGGGAGGAAGGCGATAAGGTTAATAACCTTGTCGATTGACGTTACCCGCAGAAGAAGCACCGGCTAACTCCGTGCCAGCAGCCGCGGTAATACGGAGGGTGCAAGCGTTAATCGGAATTACTGGGCGTAAAGCGCACGCAGGCGGTCTGTCAAGTCGGATGTGAAATCCCCGGGCTCAACCTGGGAACTG
+
CCCCCCCCCCCCCCCCCCCCCCC*CCCCCCCCCCCCCCCCCCCCCCCCCCCCCCCCCC*CCCC5CCCCCCCCCCCCCCCCCCCCCCCCCCC5CCCCCCCCCCCCCCCCCCCC*CCCCC5CCCCCC*CCCCCCCCCCCCCCCCCCC5CCCCCCCCCCCCC5CCCCC5CCCCCCCCCCCCCCCCCCCCCCCCC5CCCCCCCCCCCCCCCCCCCCC5CCCCCCCCCCCCCCCCCCC*5CCCC5CCCC5CCCCCCCCCC5CCCC5CCCCC5CCCCCCC5CCCCCCCC*CCCCCCCCC
Spot: VH01171:37:AAF2527M5:1:1101:50838:3007
reads 2:
num:1(B)
GCGTCTACCTATGGGATGCAGCAGGTCACCCTGTGTGGTTGGGTCAATCGTCGTCGCGATCTTGGTAGCCTTATCTTTATTGATATGCGTGACCGCGAAGGTATCGTTCAGGTGTTCTTCGATCCGGATCGCGCTGATGCGTTGAAACTGGCTTCTGAGCTGCGCAATGAGTTCTGCTTTCAGGTGACGGGCACCGTGCGTGCGCGTGACGAGAAAAACGTCAACGCCGATATGGCGACCGGTGCTATCGAAGTGCTGGCGTCCGATCTGACGATCATCAACCGCGCGGAAGCGTTGCCG
+
C*CC5555*CCCCCCC555CCCCCC5C5C5555555555555C5C5CC5CC55CCC5CCCC555CC*5555CCCCCCCCCCCC5C5CCCCCCCCCC*CC55CCCC*55CCCC*5CCCC**CCCCCC*CC5C5CCCCCCCCCCCCC*CCC5C*C5CCCC55CCC5**CCCCCCC5CC5*5CC*C5CC5C5CC5C55CCCCCCCCCCC*CCC*CCCCCC5C55CCCCCCCC5CCC5C*CCCCCCCCC5CCC5CC5**CCC**C5C*CCC555C55**55555**55*555555C5CC5555*
num:2(B)
GCGTCTACCTACGGGAGGCACCAGGCTGGTGATTTTCGCACGGGTTTTCAGGCGCTGAGCCATTTCCGGACGACGCAGATCCAGGTAGCCGTATTACAGACGCGCTTCTTCGGTGTTGACGTGGTTGGAGTCCAGCGGCAACGCTTCCGCGCGGTTGATGATCGTCAGATCGGACGCCAGCACTTCGATAGCACCGGTCGCCATATCGGCGTTGCCGTTTTTCTCGTCACGCGCACGCACGGTGCCCGTCACCTGAATGCTGACCTCATTGCGCAGCTCAGAAGCCAGATTCAACTCATC
+
C5CCC5*CCCCC*CCCC*CCCCCCCC5*CCC*CC5CCCCC5CCCCCCCCCCCC5CCCC5C5C*CCCCCCCCC5CCCCCC*55CCC5C55*C5CCC*5C5CC5C5CCCCCCCC5CCC5*CCCCCC5C*5C5*55CC5CC5C5CCCCC*C5C5CCCCCCCCC555CC5CCC*CCCCCCC5C*CC*CC*55*C5CCC5C5CCCCC555CCC55CC5**C***55*55555555C5C5CCC5*5*5CC5555555CC55CC55C*5555555C*55555*5555C5C5555**555555*555*
Spot: VH01171:37:AAF2527M5:1:1101:23931:3026
reads 2:
num:1(B)
GGACTACATGGGTATCTAATCCTGTTTGCTCCCCACGCTTTCGCACCTGAGCGTCAGTCTTTGTCCAGGGGGCCGCCTTCGCCACCGGTATTCCTCCAGATCTCTACGCATTTCACCGCTACACCTGGAATTCTACCCCCCTCTACAAGACTCTAGCCTGCCAGTTTCGAATGCAGTTCCCAGGTTGAGCCCGGGGATTTCACATCCGACTTGACAGACCGCCTGCGTGCGCTTTACGCCCAGTAATTCCGATTAACGCTTGCACCCTCCGTATTACCGCGGCTGCTGGCACGGAGTTAG
+
CCCCCCCCCCCCCCCCCCCCCCCCCCCCCCCCCCCCCCCCCCCCCCCCCCCCCCCCCCCCCCCCCCCCCCCCCCCCCCCCCCCCCCCCCCCCCCCCCCCCCCCCCCCCCCCCCCCCCCCCCCCCCCCCCCCCCCCCCCCCCCCCCCCCCCCCCCCCCCCCCCCCCCCCCCCCCCCCCCCCCCCCCCCCCCCCCCCCCCCCCCCCCCCCCCCCCCCCCCCCCCCCCCCCCCCCCCCCCCCCCCCCCCCCCCCCCCCCCCCCCCCCCCCCCCCCCCCCCCCCCCCCCCCCCCC5CCCCCCCC
num:2(B)
CCTACGGGGGGCACCAGTGGGGAATATTGCACAATGGGCGCAAGCCTGATGCAGCCATGCCGCGTGTATGAAGAAGGCCTTCGGGTTGTAAAGTACTTTCAGCGGGGAGGAAGGCGATAAGGTTAATAACCTTGTCGATTGACGTTACCCGCAGAAGAAGCACCGGCTAACTCCGTGCCAGCAGCCGCGGTAATACGGAGGGTGCAAGCGTTAATCGGAATTACTGGGCGTAAAGCGCACGCAGGCGGTCTGTCAAGTCGGATGTGAAATCCCCGGGCTCAACCTGGGAACTG
+
CCCCCCCCCCCCCCCCCCCCCCCCCCCCCCCCCCCCCCCCCCCCCCC*CCC5CCCCCCCCCCCCCCCCCC5CCCCCCCCCCCCCCCCCC5CCCCCCCCCCCCCCCCCCCCCCCCCCCCCCCCCCC5CCCCCCCCCCCCCCCCCCCCCCCCCCCCCCCCCCCCCCCCCCCCCCCCCCC5CCCCCCCCCCCCCCCC*CCCCCCCCCC5CCCCCCCCCCCCCCCC*CC5CCCCCCCCCCCCCCCCCCCCCCCCCCCCC*CCCCCCCCCC5CCCCCCCCCCCCCCCCCCCCCCCCCC
Spot: VH01171:37:AAF2527M5:1:1101:66744:3120
reads 2:
num:1(B)
GGACTACTGGGGTATCTAATCCTGTTTGCTCCCCACGCTTTCGCACCTGAGCGTCAGTCTTTGTCCAGGGGGCCGCCTTCGCCACCGGTATTCCTCCAGATCTCTACGCATTTCACCGCTACACCTGGAATTCTACCCCCCTCTACAAGACTCTAGCCTGCCAGTTTCGAATGCAGTTCCCAGGTTGAGCCCGGGGATTTCACATCCGACTTGACAGACCGCCTGCGTGCGCTTTACGCCCAGTAATTCCGATTAACGCTTGCACCCTCCGTATTACCGCGGCTGCTGGCACGGAGTTAG
+
????????????????????????????????????????????????????????????????????????????????????????????????????????????????????????????????????????????????????????????????????????????????????????????????????????????????????????????????????????????????????????????????????????????????????????????????????????????
num:2(B)
CCTATGGGGTGCAGCAGTGGGGAATATTGCACAATGGGCGCAAGCCTGATGCAGCCATGCCGCGTGTATGAAGAAGGCCTTCGGGTTGTAAAGTACTTTCAGCGGGGAGGAAGGCGATAAGGTTAATAACCTTGTCGATTGACGTTACCCGCAGAAGAAGCACCGGCTAACTCCGTGCCAGCAGCCGCGGTAATACGGAGGGTGCAAGCGTTAATCGGAATTACTGGGCGTAAAGCGCACGCAGGCGGTCTGTCAAGTCGGATGTGAAATCCCCGGGCTCAACCTGGGAACTG
+
?????????????????????????????????????????????????????????????????????????????????????????????????????????????????????????????????????????????????????????????????????????????????????????????????????????????????????????????????????????????????????????????????????????????????????????????????????
