VDB_REMOTE_URL
VDB_REMOTE_VDBCACHE
VDB_OPT_BITMAP
