{
	"total": {
		"reads": {
			"count": 2,
			"biological": 2,
			"technical": 0
		},
		"bases": [
			{
				"base": "N",
				"biological": 2
			},
			{
				"base": "W",
				"biological": 25
			},
			{
				"base": "S",
				"biological": 25
			}
		],
		"spots": [
			{
				"nreads": 1,
				"total": 2,
				"biological": 2,
				"no-biological": 0,
				"technical": 0,
				"no-technical": 2
			}
		],
		"spot-layouts": [
			{
				"descriptor": "26BF",
				"count": 2
			}
		],
		"spectra": {
			"W": [
				{
					"length": 0,
					"power": 0.238095
				},
				{
					"length": 1,
					"power": 0.142857
				},
				{
					"length": 2,
					"power": 0.238095
				},
				{
					"length": 3,
					"power": 0.190476
				},
				{
					"length": 4,
					"power": 0.047619
				},
				{
					"length": 6,
					"power": 0.047619
				},
				{
					"length": 7,
					"power": 0.0952381
				}
			],
			"S": [
				{
					"length": 0,
					"power": 0.380952
				},
				{
					"length": 1,
					"power": 0.142857
				},
				{
					"length": 2,
					"power": 0.238095
				},
				{
					"length": 3,
					"power": 0.0952381
				},
				{
					"length": 5,
					"power": 0.047619
				},
				{
					"length": 7,
					"power": 0.047619
				},
				{
					"length": 14,
					"power": 0.047619
				}
			],
			"S-W": [
				{
					"length": 0,
					"power": 0.333333
				},
				{
					"length": 1,
					"power": 0.222222
				},
				{
					"length": 2,
					"power": 0.277778
				},
				{
					"length": 3,
					"power": 0.0555556
				},
				{
					"length": 4,
					"power": 0.0555556
				},
				{
					"length": 5,
					"power": 0.0555556
				}
			],
			"K-M": [
				{
					"length": 0,
					"power": 0.535714
				},
				{
					"length": 1,
					"power": 0.392857
				},
				{
					"length": 2,
					"power": 0.0714286
				}
			]
		},
		"references": []
	}
}
