{
	"total": {
		"reads": {
			"count": 1,
			"biological": 1,
			"technical": 0
		},
		"bases": [
			{
				"base": "W",
				"biological": 88689
			},
			{
				"base": "S",
				"biological": 80766
			}
		],
		"spots": [
			{
				"nreads": 1,
				"total": 1,
				"biological": 1,
				"no-biological": 0,
				"technical": 0,
				"no-technical": 1
			}
		],
		"spot-layouts": [
			{
				"descriptor": "169455BF",
				"count": 1
			}
		],
		"spectra": {
			"W": [
				{
					"length": 0,
					"power": 0.0439298
				},
				{
					"length": 1,
					"power": 0.388614
				},
				{
					"length": 2,
					"power": 0.215804
				},
				{
					"length": 3,
					"power": 0.107389
				},
				{
					"length": 4,
					"power": 0.0608657
				},
				{
					"length": 5,
					"power": 0.0473237
				},
				{
					"length": 6,
					"power": 0.0335562
				},
				{
					"length": 7,
					"power": 0.0309515
				},
				{
					"length": 8,
					"power": 0.0171389
				},
				{
					"length": 9,
					"power": 0.0151657
				},
				{
					"length": 10,
					"power": 0.010148
				},
				{
					"length": 11,
					"power": 0.00770124
				},
				{
					"length": 12,
					"power": 0.00564908
				},
				{
					"length": 13,
					"power": 0.00399157
				},
				{
					"length": 14,
					"power": 0.00270615
				},
				{
					"length": 15,
					"power": 0.00241298
				},
				{
					"length": 16,
					"power": 0.00168007
				},
				{
					"length": 17,
					"power": 0.00110501
				},
				{
					"length": 18,
					"power": 0.000947151
				},
				{
					"length": 19,
					"power": 0.000732915
				},
				{
					"length": 20,
					"power": 0.000575056
				},
				{
					"length": 21,
					"power": 0.000428473
				},
				{
					"length": 22,
					"power": 0.00036082
				},
				{
					"length": 23,
					"power": 0.000124032
				},
				{
					"length": 24,
					"power": 0.00018041
				},
				{
					"length": 25,
					"power": 0.000124032
				},
				{
					"length": 26,
					"power": 6.76537e-05
				},
				{
					"length": 27,
					"power": 3.38268e-05
				},
				{
					"length": 28,
					"power": 4.51024e-05
				},
				{
					"length": 29,
					"power": 6.76537e-05
				},
				{
					"length": 30,
					"power": 3.38268e-05
				},
				{
					"length": 31,
					"power": 3.38268e-05
				},
				{
					"length": 32,
					"power": 3.38268e-05
				},
				{
					"length": 33,
					"power": 1.12756e-05
				},
				{
					"length": 34,
					"power": 2.25512e-05
				},
				{
					"length": 35,
					"power": 1.12756e-05
				},
				{
					"length": 37,
					"power": 1.12756e-05
				},
				{
					"length": 39,
					"power": 1.12756e-05
				},
				{
					"length": 41,
					"power": 1.12756e-05
				}
			],
			"S": [
				{
					"length": 0,
					"power": 0.280855
				},
				{
					"length": 1,
					"power": 0.302573
				},
				{
					"length": 2,
					"power": 0.131742
				},
				{
					"length": 3,
					"power": 0.0422961
				},
				{
					"length": 4,
					"power": 0.0237111
				},
				{
					"length": 5,
					"power": 0.0325393
				},
				{
					"length": 6,
					"power": 0.0205042
				},
				{
					"length": 7,
					"power": 0.024974
				},
				{
					"length": 8,
					"power": 0.0199222
				},
				{
					"length": 9,
					"power": 0.0155639
				},
				{
					"length": 10,
					"power": 0.0160468
				},
				{
					"length": 11,
					"power": 0.0134218
				},
				{
					"length": 12,
					"power": 0.0126913
				},
				{
					"length": 13,
					"power": 0.00913773
				},
				{
					"length": 14,
					"power": 0.00839483
				},
				{
					"length": 15,
					"power": 0.00630231
				},
				{
					"length": 16,
					"power": 0.00635184
				},
				{
					"length": 17,
					"power": 0.00489079
				},
				{
					"length": 18,
					"power": 0.00411074
				},
				{
					"length": 19,
					"power": 0.00319449
				},
				{
					"length": 20,
					"power": 0.00315735
				},
				{
					"length": 21,
					"power": 0.00258779
				},
				{
					"length": 22,
					"power": 0.0022411
				},
				{
					"length": 23,
					"power": 0.00185726
				},
				{
					"length": 24,
					"power": 0.00143628
				},
				{
					"length": 25,
					"power": 0.00152296
				},
				{
					"length": 26,
					"power": 0.00117627
				},
				{
					"length": 27,
					"power": 0.000866723
				},
				{
					"length": 28,
					"power": 0.000780051
				},
				{
					"length": 29,
					"power": 0.000780051
				},
				{
					"length": 30,
					"power": 0.000643851
				},
				{
					"length": 31,
					"power": 0.000482888
				},
				{
					"length": 32,
					"power": 0.000470507
				},
				{
					"length": 33,
					"power": 0.000346689
				},
				{
					"length": 34,
					"power": 0.000507652
				},
				{
					"length": 35,
					"power": 0.000247635
				},
				{
					"length": 36,
					"power": 0.000148581
				},
				{
					"length": 37,
					"power": 0.000222872
				},
				{
					"length": 38,
					"power": 0.000272399
				},
				{
					"length": 39,
					"power": 7.42905e-05
				},
				{
					"length": 40,
					"power": 0.000160963
				},
				{
					"length": 41,
					"power": 0.000185726
				},
				{
					"length": 42,
					"power": 0.000111436
				},
				{
					"length": 43,
					"power": 3.71453e-05
				},
				{
					"length": 44,
					"power": 7.42905e-05
				},
				{
					"length": 45,
					"power": 3.71453e-05
				},
				{
					"length": 46,
					"power": 2.47635e-05
				},
				{
					"length": 47,
					"power": 2.47635e-05
				},
				{
					"length": 48,
					"power": 3.71453e-05
				},
				{
					"length": 49,
					"power": 3.71453e-05
				},
				{
					"length": 50,
					"power": 2.47635e-05
				},
				{
					"length": 51,
					"power": 2.47635e-05
				},
				{
					"length": 52,
					"power": 2.47635e-05
				},
				{
					"length": 53,
					"power": 4.9527e-05
				},
				{
					"length": 54,
					"power": 2.47635e-05
				},
				{
					"length": 55,
					"power": 1.23818e-05
				},
				{
					"length": 58,
					"power": 2.47635e-05
				},
				{
					"length": 60,
					"power": 1.23818e-05
				},
				{
					"length": 61,
					"power": 1.23818e-05
				},
				{
					"length": 70,
					"power": 1.23818e-05
				}
			],
			"S-W": [
				{
					"length": 0,
					"power": 0.593076
				},
				{
					"length": 1,
					"power": 0.244215
				},
				{
					"length": 2,
					"power": 0.0595127
				},
				{
					"length": 3,
					"power": 0.036136
				},
				{
					"length": 4,
					"power": 0.0108215
				},
				{
					"length": 5,
					"power": 0.0231501
				},
				{
					"length": 6,
					"power": 0.00908782
				},
				{
					"length": 7,
					"power": 0.00684419
				},
				{
					"length": 8,
					"power": 0.00376204
				},
				{
					"length": 9,
					"power": 0.00296884
				},
				{
					"length": 10,
					"power": 0.0027762
				},
				{
					"length": 11,
					"power": 0.00149575
				},
				{
					"length": 12,
					"power": 0.00248159
				},
				{
					"length": 13,
					"power": 0.0010085
				},
				{
					"length": 14,
					"power": 0.00108782
				},
				{
					"length": 15,
					"power": 0.000453258
				},
				{
					"length": 16,
					"power": 0.000283286
				},
				{
					"length": 17,
					"power": 0.000203966
				},
				{
					"length": 18,
					"power": 0.000215297
				},
				{
					"length": 19,
					"power": 7.93201e-05
				},
				{
					"length": 20,
					"power": 6.79887e-05
				},
				{
					"length": 21,
					"power": 5.66572e-05
				},
				{
					"length": 22,
					"power": 6.79887e-05
				},
				{
					"length": 23,
					"power": 6.79887e-05
				},
				{
					"length": 24,
					"power": 1.13314e-05
				},
				{
					"length": 25,
					"power": 2.26629e-05
				},
				{
					"length": 26,
					"power": 1.13314e-05
				},
				{
					"length": 27,
					"power": 2.26629e-05
				},
				{
					"length": 28,
					"power": 1.13314e-05
				}
			],
			"K-M": [
				{
					"length": 0,
					"power": 0.714116
				},
				{
					"length": 1,
					"power": 0.187477
				},
				{
					"length": 2,
					"power": 0.054373
				},
				{
					"length": 3,
					"power": 0.0246061
				},
				{
					"length": 4,
					"power": 0.0171087
				},
				{
					"length": 5,
					"power": 0.00215678
				},
				{
					"length": 6,
					"power": 0.000119821
				},
				{
					"length": 7,
					"power": 4.27932e-05
				}
			]
		},
		"references": []
	}
}
