{
	"total": {
		"reads": {
			"count": 10,
			"biological": 10,
			"technical": 0
		},
		"bases": [
			{
				"base": "W",
				"biological": 68953
			},
			{
				"base": "S",
				"biological": 32130
			}
		],
		"spots": [
			{
				"nreads": 1,
				"total": 10,
				"biological": 10,
				"no-biological": 0,
				"technical": 0,
				"no-technical": 10
			}
		],
		"spot-layouts": [
			{
				"descriptor": "12034BF",
				"count": 1
			},
			{
				"descriptor": "12436BF",
				"count": 1
			},
			{
				"descriptor": "18496BF",
				"count": 1
			},
			{
				"descriptor": "21199BF",
				"count": 1
			},
			{
				"descriptor": "23377BF",
				"count": 1
			},
			{
				"descriptor": "2568BF",
				"count": 1
			},
			{
				"descriptor": "4580BF",
				"count": 1
			},
			{
				"descriptor": "461BF",
				"count": 1
			},
			{
				"descriptor": "5279BF",
				"count": 1
			},
			{
				"descriptor": "653BF",
				"count": 1
			}
		],
		"spectra": {
			"W": [
				{
					"length": 0,
					"power": 0.395369
				},
				{
					"length": 1,
					"power": 0.218067
				},
				{
					"length": 2,
					"power": 0.132012
				},
				{
					"length": 3,
					"power": 0.0818621
				},
				{
					"length": 4,
					"power": 0.0529645
				},
				{
					"length": 5,
					"power": 0.0366008
				},
				{
					"length": 6,
					"power": 0.0247487
				},
				{
					"length": 7,
					"power": 0.016001
				},
				{
					"length": 8,
					"power": 0.011649
				},
				{
					"length": 9,
					"power": 0.00816735
				},
				{
					"length": 10,
					"power": 0.00522246
				},
				{
					"length": 11,
					"power": 0.00380079
				},
				{
					"length": 12,
					"power": 0.0029739
				},
				{
					"length": 13,
					"power": 0.00185688
				},
				{
					"length": 14,
					"power": 0.00155223
				},
				{
					"length": 15,
					"power": 0.00107351
				},
				{
					"length": 16,
					"power": 0.000855904
				},
				{
					"length": 17,
					"power": 0.000609287
				},
				{
					"length": 18,
					"power": 0.000522246
				},
				{
					"length": 19,
					"power": 0.000435205
				},
				{
					"length": 20,
					"power": 0.00027563
				},
				{
					"length": 21,
					"power": 0.000232109
				},
				{
					"length": 22,
					"power": 0.000362671
				},
				{
					"length": 23,
					"power": 0.000159575
				},
				{
					"length": 24,
					"power": 0.000188589
				},
				{
					"length": 25,
					"power": 0.000203096
				},
				{
					"length": 26,
					"power": 0.000130562
				},
				{
					"length": 27,
					"power": 0.000101548
				},
				{
					"length": 28,
					"power": 7.25342e-05
				},
				{
					"length": 29,
					"power": 7.25342e-05
				},
				{
					"length": 30,
					"power": 5.80274e-05
				},
				{
					"length": 31,
					"power": 0.000101548
				},
				{
					"length": 32,
					"power": 0.000116055
				},
				{
					"length": 33,
					"power": 1.45068e-05
				},
				{
					"length": 34,
					"power": 0.000101548
				},
				{
					"length": 35,
					"power": 1.45068e-05
				},
				{
					"length": 36,
					"power": 1.45068e-05
				},
				{
					"length": 37,
					"power": 7.25342e-05
				},
				{
					"length": 38,
					"power": 4.35205e-05
				},
				{
					"length": 39,
					"power": 4.35205e-05
				},
				{
					"length": 40,
					"power": 1.45068e-05
				},
				{
					"length": 41,
					"power": 5.80274e-05
				},
				{
					"length": 42,
					"power": 2.90137e-05
				},
				{
					"length": 44,
					"power": 2.90137e-05
				},
				{
					"length": 45,
					"power": 4.35205e-05
				},
				{
					"length": 46,
					"power": 5.80274e-05
				},
				{
					"length": 47,
					"power": 4.35205e-05
				},
				{
					"length": 48,
					"power": 1.45068e-05
				},
				{
					"length": 49,
					"power": 7.25342e-05
				},
				{
					"length": 50,
					"power": 2.90137e-05
				},
				{
					"length": 51,
					"power": 1.45068e-05
				},
				{
					"length": 52,
					"power": 1.45068e-05
				},
				{
					"length": 53,
					"power": 4.35205e-05
				},
				{
					"length": 54,
					"power": 2.90137e-05
				},
				{
					"length": 55,
					"power": 4.35205e-05
				},
				{
					"length": 56,
					"power": 2.90137e-05
				},
				{
					"length": 57,
					"power": 4.35205e-05
				},
				{
					"length": 58,
					"power": 7.25342e-05
				},
				{
					"length": 59,
					"power": 4.35205e-05
				},
				{
					"length": 60,
					"power": 2.90137e-05
				},
				{
					"length": 61,
					"power": 2.90137e-05
				},
				{
					"length": 63,
					"power": 1.45068e-05
				},
				{
					"length": 64,
					"power": 1.45068e-05
				},
				{
					"length": 67,
					"power": 1.45068e-05
				},
				{
					"length": 68,
					"power": 1.45068e-05
				},
				{
					"length": 70,
					"power": 1.45068e-05
				},
				{
					"length": 76,
					"power": 1.45068e-05
				},
				{
					"length": 79,
					"power": 2.90137e-05
				},
				{
					"length": 80,
					"power": 1.45068e-05
				},
				{
					"length": 81,
					"power": 4.35205e-05
				},
				{
					"length": 84,
					"power": 1.45068e-05
				},
				{
					"length": 86,
					"power": 2.90137e-05
				},
				{
					"length": 87,
					"power": 2.90137e-05
				},
				{
					"length": 88,
					"power": 1.45068e-05
				},
				{
					"length": 92,
					"power": 1.45068e-05
				},
				{
					"length": 94,
					"power": 1.45068e-05
				},
				{
					"length": 95,
					"power": 2.90137e-05
				},
				{
					"length": 96,
					"power": 1.45068e-05
				},
				{
					"length": 98,
					"power": 1.45068e-05
				},
				{
					"length": 100,
					"power": 1.45068e-05
				},
				{
					"length": 103,
					"power": 1.45068e-05
				},
				{
					"length": 107,
					"power": 1.45068e-05
				},
				{
					"length": 108,
					"power": 1.45068e-05
				},
				{
					"length": 115,
					"power": 1.45068e-05
				},
				{
					"length": 116,
					"power": 1.45068e-05
				},
				{
					"length": 117,
					"power": 2.90137e-05
				},
				{
					"length": 161,
					"power": 1.45068e-05
				},
				{
					"length": 169,
					"power": 1.45068e-05
				}
			],
			"S": [
				{
					"length": 0,
					"power": 0.182965
				},
				{
					"length": 1,
					"power": 0.16266
				},
				{
					"length": 2,
					"power": 0.126191
				},
				{
					"length": 3,
					"power": 0.0870445
				},
				{
					"length": 4,
					"power": 0.0730925
				},
				{
					"length": 5,
					"power": 0.0641233
				},
				{
					"length": 6,
					"power": 0.0495173
				},
				{
					"length": 7,
					"power": 0.0393024
				},
				{
					"length": 8,
					"power": 0.0327001
				},
				{
					"length": 9,
					"power": 0.0271255
				},
				{
					"length": 10,
					"power": 0.0222049
				},
				{
					"length": 11,
					"power": 0.0184989
				},
				{
					"length": 12,
					"power": 0.0152912
				},
				{
					"length": 13,
					"power": 0.0128309
				},
				{
					"length": 14,
					"power": 0.0115229
				},
				{
					"length": 15,
					"power": 0.00965431
				},
				{
					"length": 16,
					"power": 0.00725631
				},
				{
					"length": 17,
					"power": 0.00691373
				},
				{
					"length": 18,
					"power": 0.00566802
				},
				{
					"length": 19,
					"power": 0.00439116
				},
				{
					"length": 20,
					"power": 0.00407973
				},
				{
					"length": 21,
					"power": 0.00383058
				},
				{
					"length": 22,
					"power": 0.00342572
				},
				{
					"length": 23,
					"power": 0.00305201
				},
				{
					"length": 24,
					"power": 0.00233572
				},
				{
					"length": 25,
					"power": 0.00189972
				},
				{
					"length": 26,
					"power": 0.00218001
				},
				{
					"length": 27,
					"power": 0.00168172
				},
				{
					"length": 28,
					"power": 0.00161943
				},
				{
					"length": 29,
					"power": 0.00165058
				},
				{
					"length": 30,
					"power": 0.000934288
				},
				{
					"length": 31,
					"power": 0.00127686
				},
				{
					"length": 32,
					"power": 0.00105886
				},
				{
					"length": 33,
					"power": 0.00124572
				},
				{
					"length": 34,
					"power": 0.00084086
				},
				{
					"length": 35,
					"power": 0.000809717
				},
				{
					"length": 36,
					"power": 0.00052943
				},
				{
					"length": 37,
					"power": 0.00052943
				},
				{
					"length": 38,
					"power": 0.000467144
				},
				{
					"length": 39,
					"power": 0.000342572
				},
				{
					"length": 40,
					"power": 0.000373715
				},
				{
					"length": 41,
					"power": 0.000311429
				},
				{
					"length": 42,
					"power": 0.000373715
				},
				{
					"length": 43,
					"power": 0.000124572
				},
				{
					"length": 44,
					"power": 0.000311429
				},
				{
					"length": 45,
					"power": 0.000249144
				},
				{
					"length": 46,
					"power": 0.000311429
				},
				{
					"length": 47,
					"power": 0.000280287
				},
				{
					"length": 48,
					"power": 0.000249144
				},
				{
					"length": 49,
					"power": 0.000124572
				},
				{
					"length": 50,
					"power": 0.000280287
				},
				{
					"length": 51,
					"power": 0.000218001
				},
				{
					"length": 52,
					"power": 9.34288e-05
				},
				{
					"length": 53,
					"power": 0.000218001
				},
				{
					"length": 54,
					"power": 0.000342572
				},
				{
					"length": 55,
					"power": 9.34288e-05
				},
				{
					"length": 56,
					"power": 6.22859e-05
				},
				{
					"length": 58,
					"power": 6.22859e-05
				},
				{
					"length": 59,
					"power": 9.34288e-05
				},
				{
					"length": 61,
					"power": 9.34288e-05
				},
				{
					"length": 62,
					"power": 3.11429e-05
				},
				{
					"length": 63,
					"power": 0.000155715
				},
				{
					"length": 64,
					"power": 6.22859e-05
				},
				{
					"length": 65,
					"power": 3.11429e-05
				},
				{
					"length": 66,
					"power": 6.22859e-05
				},
				{
					"length": 67,
					"power": 6.22859e-05
				},
				{
					"length": 68,
					"power": 3.11429e-05
				},
				{
					"length": 69,
					"power": 9.34288e-05
				},
				{
					"length": 70,
					"power": 0.000124572
				},
				{
					"length": 71,
					"power": 6.22859e-05
				},
				{
					"length": 73,
					"power": 6.22859e-05
				},
				{
					"length": 74,
					"power": 9.34288e-05
				},
				{
					"length": 76,
					"power": 3.11429e-05
				},
				{
					"length": 77,
					"power": 3.11429e-05
				},
				{
					"length": 78,
					"power": 3.11429e-05
				},
				{
					"length": 79,
					"power": 6.22859e-05
				},
				{
					"length": 81,
					"power": 6.22859e-05
				},
				{
					"length": 82,
					"power": 3.11429e-05
				},
				{
					"length": 83,
					"power": 6.22859e-05
				},
				{
					"length": 85,
					"power": 9.34288e-05
				},
				{
					"length": 87,
					"power": 3.11429e-05
				},
				{
					"length": 88,
					"power": 3.11429e-05
				},
				{
					"length": 90,
					"power": 3.11429e-05
				},
				{
					"length": 91,
					"power": 3.11429e-05
				},
				{
					"length": 95,
					"power": 6.22859e-05
				},
				{
					"length": 97,
					"power": 3.11429e-05
				},
				{
					"length": 98,
					"power": 3.11429e-05
				},
				{
					"length": 100,
					"power": 3.11429e-05
				},
				{
					"length": 101,
					"power": 3.11429e-05
				},
				{
					"length": 104,
					"power": 3.11429e-05
				},
				{
					"length": 107,
					"power": 3.11429e-05
				},
				{
					"length": 108,
					"power": 9.34288e-05
				},
				{
					"length": 111,
					"power": 6.22859e-05
				},
				{
					"length": 113,
					"power": 3.11429e-05
				},
				{
					"length": 114,
					"power": 9.34288e-05
				},
				{
					"length": 115,
					"power": 3.11429e-05
				},
				{
					"length": 116,
					"power": 3.11429e-05
				},
				{
					"length": 120,
					"power": 3.11429e-05
				},
				{
					"length": 125,
					"power": 3.11429e-05
				},
				{
					"length": 126,
					"power": 9.34288e-05
				},
				{
					"length": 131,
					"power": 3.11429e-05
				},
				{
					"length": 132,
					"power": 6.22859e-05
				},
				{
					"length": 141,
					"power": 3.11429e-05
				},
				{
					"length": 142,
					"power": 3.11429e-05
				},
				{
					"length": 146,
					"power": 3.11429e-05
				},
				{
					"length": 148,
					"power": 6.22859e-05
				},
				{
					"length": 151,
					"power": 6.22859e-05
				},
				{
					"length": 152,
					"power": 3.11429e-05
				},
				{
					"length": 154,
					"power": 3.11429e-05
				},
				{
					"length": 155,
					"power": 3.11429e-05
				},
				{
					"length": 156,
					"power": 3.11429e-05
				},
				{
					"length": 158,
					"power": 3.11429e-05
				},
				{
					"length": 171,
					"power": 3.11429e-05
				},
				{
					"length": 182,
					"power": 3.11429e-05
				},
				{
					"length": 189,
					"power": 3.11429e-05
				},
				{
					"length": 206,
					"power": 3.11429e-05
				},
				{
					"length": 210,
					"power": 3.11429e-05
				},
				{
					"length": 212,
					"power": 3.11429e-05
				},
				{
					"length": 215,
					"power": 3.11429e-05
				},
				{
					"length": 229,
					"power": 3.11429e-05
				},
				{
					"length": 233,
					"power": 3.11429e-05
				},
				{
					"length": 264,
					"power": 3.11429e-05
				},
				{
					"length": 270,
					"power": 3.11429e-05
				},
				{
					"length": 347,
					"power": 3.11429e-05
				}
			],
			"S-W": [
				{
					"length": 0,
					"power": 0.507776
				},
				{
					"length": 1,
					"power": 0.218805
				},
				{
					"length": 2,
					"power": 0.103698
				},
				{
					"length": 3,
					"power": 0.0576692
				},
				{
					"length": 4,
					"power": 0.0369805
				},
				{
					"length": 5,
					"power": 0.0221929
				},
				{
					"length": 6,
					"power": 0.0143247
				},
				{
					"length": 7,
					"power": 0.0103906
				},
				{
					"length": 8,
					"power": 0.00770619
				},
				{
					"length": 9,
					"power": 0.00553087
				},
				{
					"length": 10,
					"power": 0.00386467
				},
				{
					"length": 11,
					"power": 0.00252245
				},
				{
					"length": 12,
					"power": 0.00205961
				},
				{
					"length": 13,
					"power": 0.00104138
				},
				{
					"length": 14,
					"power": 0.00108766
				},
				{
					"length": 15,
					"power": 0.000879385
				},
				{
					"length": 16,
					"power": 0.000462834
				},
				{
					"length": 17,
					"power": 0.000624826
				},
				{
					"length": 18,
					"power": 0.000462834
				},
				{
					"length": 19,
					"power": 0.000393409
				},
				{
					"length": 20,
					"power": 0.000300842
				},
				{
					"length": 21,
					"power": 0.000185134
				},
				{
					"length": 22,
					"power": 0.000185134
				},
				{
					"length": 23,
					"power": 9.25669e-05
				},
				{
					"length": 24,
					"power": 9.25669e-05
				},
				{
					"length": 25,
					"power": 0.000185134
				},
				{
					"length": 26,
					"power": 6.94252e-05
				},
				{
					"length": 27,
					"power": 4.62834e-05
				},
				{
					"length": 28,
					"power": 6.94252e-05
				},
				{
					"length": 29,
					"power": 2.31417e-05
				},
				{
					"length": 30,
					"power": 4.62834e-05
				},
				{
					"length": 32,
					"power": 2.31417e-05
				},
				{
					"length": 39,
					"power": 2.31417e-05
				},
				{
					"length": 43,
					"power": 2.31417e-05
				},
				{
					"length": 47,
					"power": 2.31417e-05
				},
				{
					"length": 53,
					"power": 2.31417e-05
				},
				{
					"length": 58,
					"power": 2.31417e-05
				},
				{
					"length": 63,
					"power": 2.31417e-05
				},
				{
					"length": 65,
					"power": 4.62834e-05
				},
				{
					"length": 78,
					"power": 2.31417e-05
				}
			],
			"K-M": [
				{
					"length": 0,
					"power": 0.501523
				},
				{
					"length": 1,
					"power": 0.234091
				},
				{
					"length": 2,
					"power": 0.122558
				},
				{
					"length": 3,
					"power": 0.0631682
				},
				{
					"length": 4,
					"power": 0.0333845
				},
				{
					"length": 5,
					"power": 0.0160477
				},
				{
					"length": 6,
					"power": 0.00951301
				},
				{
					"length": 7,
					"power": 0.00531217
				},
				{
					"length": 8,
					"power": 0.00311173
				},
				{
					"length": 9,
					"power": 0.00188927
				},
				{
					"length": 10,
					"power": 0.00120024
				},
				{
					"length": 11,
					"power": 0.00093352
				},
				{
					"length": 12,
					"power": 0.00080016
				},
				{
					"length": 13,
					"power": 0.000555667
				},
				{
					"length": 14,
					"power": 0.0003334
				},
				{
					"length": 15,
					"power": 0.00040008
				},
				{
					"length": 16,
					"power": 0.0003334
				},
				{
					"length": 17,
					"power": 0.000355627
				},
				{
					"length": 18,
					"power": 0.0003334
				},
				{
					"length": 19,
					"power": 0.000155587
				},
				{
					"length": 20,
					"power": 0.00020004
				},
				{
					"length": 21,
					"power": 0.000311173
				},
				{
					"length": 22,
					"power": 0.000222267
				},
				{
					"length": 23,
					"power": 0.000222267
				},
				{
					"length": 24,
					"power": 0.000155587
				},
				{
					"length": 25,
					"power": 0.000155587
				},
				{
					"length": 26,
					"power": 0.000177813
				},
				{
					"length": 27,
					"power": 8.89067e-05
				},
				{
					"length": 28,
					"power": 6.668e-05
				},
				{
					"length": 29,
					"power": 0.000155587
				},
				{
					"length": 30,
					"power": 0.000177813
				},
				{
					"length": 31,
					"power": 0.000155587
				},
				{
					"length": 32,
					"power": 6.668e-05
				},
				{
					"length": 33,
					"power": 0.000155587
				},
				{
					"length": 35,
					"power": 8.89067e-05
				},
				{
					"length": 36,
					"power": 2.22267e-05
				},
				{
					"length": 37,
					"power": 6.668e-05
				},
				{
					"length": 38,
					"power": 8.89067e-05
				},
				{
					"length": 39,
					"power": 4.44533e-05
				},
				{
					"length": 40,
					"power": 6.668e-05
				},
				{
					"length": 41,
					"power": 2.22267e-05
				},
				{
					"length": 42,
					"power": 4.44533e-05
				},
				{
					"length": 44,
					"power": 4.44533e-05
				},
				{
					"length": 45,
					"power": 6.668e-05
				},
				{
					"length": 46,
					"power": 8.89067e-05
				},
				{
					"length": 47,
					"power": 2.22267e-05
				},
				{
					"length": 48,
					"power": 4.44533e-05
				},
				{
					"length": 49,
					"power": 2.22267e-05
				},
				{
					"length": 50,
					"power": 2.22267e-05
				},
				{
					"length": 51,
					"power": 6.668e-05
				},
				{
					"length": 52,
					"power": 4.44533e-05
				},
				{
					"length": 53,
					"power": 4.44533e-05
				},
				{
					"length": 54,
					"power": 4.44533e-05
				},
				{
					"length": 55,
					"power": 4.44533e-05
				},
				{
					"length": 57,
					"power": 2.22267e-05
				},
				{
					"length": 58,
					"power": 4.44533e-05
				},
				{
					"length": 59,
					"power": 2.22267e-05
				},
				{
					"length": 60,
					"power": 8.89067e-05
				},
				{
					"length": 61,
					"power": 2.22267e-05
				},
				{
					"length": 62,
					"power": 2.22267e-05
				},
				{
					"length": 64,
					"power": 2.22267e-05
				},
				{
					"length": 66,
					"power": 2.22267e-05
				},
				{
					"length": 68,
					"power": 2.22267e-05
				},
				{
					"length": 75,
					"power": 2.22267e-05
				},
				{
					"length": 76,
					"power": 4.44533e-05
				},
				{
					"length": 78,
					"power": 2.22267e-05
				},
				{
					"length": 79,
					"power": 4.44533e-05
				},
				{
					"length": 80,
					"power": 4.44533e-05
				},
				{
					"length": 85,
					"power": 4.44533e-05
				},
				{
					"length": 91,
					"power": 2.22267e-05
				},
				{
					"length": 97,
					"power": 4.44533e-05
				},
				{
					"length": 101,
					"power": 2.22267e-05
				},
				{
					"length": 105,
					"power": 2.22267e-05
				},
				{
					"length": 107,
					"power": 2.22267e-05
				},
				{
					"length": 115,
					"power": 2.22267e-05
				},
				{
					"length": 116,
					"power": 2.22267e-05
				}
			]
		},
		"references": []
	}
}
