{
"fingerprint": {"maximum-position":4,"A":[0,1,1,0,0],"C":[1,1,0,0,0],"G":[1,0,0,1,0],"T":[0,0,1,1,0],"N":[0,0,0,0,0],"EoR":[0,0,0,0,2]}, "digest": "67e4aef5339fee30de2f22d909494e19cffeefd900ba150bd0ed2ecf187879c5", "timestamp": "1741379358", "history": [ { "update_1": [ { "fingerprint": {"A":[1],"C":[1],"G":[1],"T":[1],"N":[1],"EoR":[1]} }, { "digest": "qwer" }, { "timestamp": "123" } ] }, { "update_2": [ { "fingerprint": {"A":[2],"C":[2],"G":[2],"T":[2],"N":[2],"EoR":[2]} }, { "digest": "asdf" }, { "timestamp": "456" } ] } ], "inputs": [ { "file_1": [ { "name": "input/r1.fastq" }, { "fingerprint": {"maximum-position":4,"A":[0,1,0,0,0],"C":[0,0,0,0,0],"G":[1,0,0,0,0],"T":[0,0,1,1,0],"N":[0,0,0,0,0],"EoR":[0,0,0,0,1]} }, { "digest": "123" } ] }, { "file_2": [ { "name": "input/r2.fastq" }, { "fingerprint": {"maximum-position":4,"A":[0,0,1,0,0],"C":[1,1,0,0,0],"G":[0,0,0,1,0],"T":[0,0,0,0,0],"N":[0,0,0,0,0],"EoR":[0,0,0,0,1]} }, { "digest": "456" } ] } ]
}
