<SRA_INFO>
 <FINGERPRINTS>
 </FINGERPRINTS>
</SRA_INFO>
