<SRA_INFO>
 <FINGERPRINTS><fingerprint>{"maximum-position":4,"A":[0,1,1,0,0],"C":[1,1,0,0,0],"G":[1,0,0,1,0],"T":[0,0,1,1,0],"N":[0,0,0,0,0],"EoR":[0,0,0,0,2]}</fingerprint>
<digest>67e4aef5339fee30de2f22d909494e19cffeefd900ba150bd0ed2ecf187879c5</digest>
<timestamp>1741379358</timestamp>
<history><update_1><fingerprint>{"A":[1],"C":[1],"G":[1],"T":[1],"N":[1],"EoR":[1]}</fingerprint>
<digest>qwer</digest>
<timestamp>123</timestamp>
</update_1>
<update_2><fingerprint>{"A":[2],"C":[2],"G":[2],"T":[2],"N":[2],"EoR":[2]}</fingerprint>
<digest>asdf</digest>
<timestamp>456</timestamp>
</update_2>
</history>
<inputs><file_1><name>input/r1.fastq</name>
<fingerprint>{"maximum-position":4,"A":[0,1,0,0,0],"C":[0,0,0,0,0],"G":[1,0,0,0,0],"T":[0,0,1,1,0],"N":[0,0,0,0,0],"EoR":[0,0,0,0,1]}</fingerprint>
<digest>123</digest>
</file_1>
<file_2><name>input/r2.fastq</name>
<fingerprint>{"maximum-position":4,"A":[0,0,1,0,0],"C":[1,1,0,0,0],"G":[0,0,0,1,0],"T":[0,0,0,0,0],"N":[0,0,0,0,0],"EoR":[0,0,0,0,1]}</fingerprint>
<digest>456</digest>
</file_2>
</inputs>

 </FINGERPRINTS>
</SRA_INFO>
