PLATFORM: SRA_PLATFORM_454
PLATFORM: SRA_PLATFORM_ABSOLID
PLATFORM: SRA_PLATFORM_BGISEQ
PLATFORM: SRA_PLATFORM_CAPILLARY
PLATFORM: SRA_PLATFORM_COMPLETE_GENOMICS
PLATFORM: SRA_PLATFORM_DNBSEQ
PLATFORM: SRA_PLATFORM_ELEMENT_BIO
PLATFORM: SRA_PLATFORM_GENAPSYS
PLATFORM: SRA_PLATFORM_GENEMIND
PLATFORM: SRA_PLATFORM_HELICOS
PLATFORM: SRA_PLATFORM_ILLUMINA
PLATFORM: SRA_PLATFORM_ION_TORRENT
PLATFORM: SRA_PLATFORM_OXFORD_NANOPORE
PLATFORM: SRA_PLATFORM_PACBIO_SMRT
PLATFORM: SRA_PLATFORM_SINGULAR_GENOMICS
PLATFORM: SRA_PLATFORM_TAPESTRI
PLATFORM: SRA_PLATFORM_ULTIMA
PLATFORM: SRA_PLATFORM_UNDEFINED
PLATFORM: SRA_PLATFORM_VELA_DIAG
